// Jest Snapshot v1, https://goo.gl/fbAQLP

exports[`PokemonPage component  1`] = `<h1>Por favor espere un momento...</h1>`;

exports[`PokemonPage component debe hacer match con data 1`] = `
<div>
  <h1>Quien es el Pokemon?</h1><!-- Imagen -->
  <pokemon-picture-stub pokemonid="1" showpokemon="false"></pokemon-picture-stub><!-- Opciones -->
  <!--selection-pokemon-->
  <pokemon-options-stub pokemons="[object Object],[object Object],[object Object],[object Object]"></pokemon-options-stub>
  <!--v-if-->
</div>
`;
